2026-05-21T09:49:30.064Z handleCommands - {"kind":"LOAD_SAMPLE_GRAPH","graphId":"basic"}
crosshairs bbox (local): min(778.5,228.5) max(821.5,271.5) scale=1 layerPos=(0,0)
2026-05-21T09:53:41.025Z handleCommands - {"kind":"LOAD_SAMPLE_GRAPH","graphId":"basic"}
crosshairs bbox (local): min(778.5,228.5) max(821.5,271.5) scale=1 layerPos=(0,0)
2026-05-21T09:53:41.752Z handleCommands - {"kind":"INSERT_WAYPOINT"}
crosshairs bbox (local): min(238.5,138.5) max(281.5,181.5) scale=1 layerPos=(0,0)
handleCommands - {"kind":"SINGLE_ITEM_TOGGLE_SELECT"}
crosshairs bbox (local): min(238.5,138.5) max(281.5,181.5) scale=1 layerPos=(0,0)
[wp-select] getWaypointUnderCrosshairs pt= {"x":260,"y":160} tol= 20 scale= 1 wps= [{"id":"da-13","pos":{"x":260,"y":160},"d":0,"thresh":25,"hit":true}]
[wp-select] -> waypoint da-13
crosshairs bbox (local): min(238.5,138.5) max(281.5,181.5) scale=1 layerPos=(0,0)
handleCommands - {"kind":"MULTI_ITEM_SELECT"}
[wp-select] getWaypointUnderCrosshairs pt= {"x":260,"y":160} tol= 4 scale= 1 wps= [{"id":"da-13","pos":{"x":260,"y":160},"d":0,"thresh":9,"hit":true}]
[wp-select] getWaypointUnderCrosshairs pt= {"x":260,"y":160} tol= 4 scale= 1 wps= [{"id":"da-13","pos":{"x":260,"y":160},"d":0,"thresh":9,"hit":true}]
crosshairs bbox (local): min(238.5,138.5) max(281.5,181.5) scale=1 layerPos=(0,0)
handleCommands - {"kind":"SINGLE_ITEM_TOGGLE_SELECT"}
crosshairs bbox (local): min(246.5,138.5) max(289.5,181.5) scale=1 layerPos=(0,0)
[wp-select] getWaypointUnderCrosshairs pt= {"x":268,"y":160} tol= 20 scale= 1 wps= [{"id":"da-13","pos":{"x":260,"y":160},"d":8,"thresh":25,"hit":true}]
[wp-select] -> waypoint da-13
crosshairs bbox (local): min(246.5,138.5) max(289.5,181.5) scale=1 layerPos=(0,0)
handleCommands - {"kind":"MULTI_ITEM_SELECT"}
[wp-select] getWaypointUnderCrosshairs pt= {"x":268,"y":160} tol= 4 scale= 1 wps= [{"id":"da-13","pos":{"x":260,"y":160},"d":8,"thresh":9,"hit":true}]
[wp-select] getWaypointUnderCrosshairs pt= {"x":268,"y":160} tol= 4 scale= 1 wps= [{"id":"da-13","pos":{"x":260,"y":160},"d":8,"thresh":9,"hit":true}]
crosshairs bbox (local): min(246.5,138.5) max(289.5,181.5) scale=1 layerPos=(0,0)
handleCommands - {"kind":"SINGLE_ITEM_TOGGLE_SELECT"}
crosshairs bbox (local): min(253.5,138.5) max(296.5,181.5) scale=1 layerPos=(0,0)
[wp-select] getWaypointUnderCrosshairs pt= {"x":275,"y":160} tol= 20 scale= 1 wps= [{"id":"da-13","pos":{"x":260,"y":160},"d":15,"thresh":25,"hit":true}]
[wp-select] -> waypoint da-13
crosshairs bbox (local): min(253.5,138.5) max(296.5,181.5) scale=1 layerPos=(0,0)
handleCommands - {"kind":"MULTI_ITEM_SELECT"}
[wp-select] getWaypointUnderCrosshairs pt= {"x":275,"y":160} tol= 4 scale= 1 wps= [{"id":"da-13","pos":{"x":260,"y":160},"d":15,"thresh":9,"hit":false}]
crosshairs bbox (local): min(253.5,138.5) max(296.5,181.5) scale=1 layerPos=(0,0)
[wp-select] getWaypointUnderCrosshairs pt= {"x":275,"y":160} tol= 4 scale= 1 wps= [{"id":"da-13","pos":{"x":260,"y":160},"d":15,"thresh":9,"hit":false}]
crosshairs bbox (local): min(253.5,138.5) max(296.5,181.5) scale=1 layerPos=(0,0)
crosshairs bbox (local): min(253.5,138.5) max(296.5,181.5) scale=1 layerPos=(0,0)
handleCommands - {"kind":"SINGLE_ITEM_TOGGLE_SELECT"}
crosshairs bbox (local): min(260.5,138.5) max(303.5,181.5) scale=1 layerPos=(0,0)
[wp-select] getWaypointUnderCrosshairs pt= {"x":282,"y":160} tol= 20 scale= 1 wps= [{"id":"da-13","pos":{"x":260,"y":160},"d":22,"thresh":25,"hit":true}]
[wp-select] -> waypoint da-13
crosshairs bbox (local): min(260.5,138.5) max(303.5,181.5) scale=1 layerPos=(0,0)
handleCommands - {"kind":"MULTI_ITEM_SELECT"}
[wp-select] getWaypointUnderCrosshairs pt= {"x":282,"y":160} tol= 4 scale= 1 wps= [{"id":"da-13","pos":{"x":260,"y":160},"d":22,"thresh":9,"hit":false}]
crosshairs bbox (local): min(260.5,138.5) max(303.5,181.5) scale=1 layerPos=(0,0)
[wp-select] getWaypointUnderCrosshairs pt= {"x":282,"y":160} tol= 4 scale= 1 wps= [{"id":"da-13","pos":{"x":260,"y":160},"d":22,"thresh":9,"hit":false}]
crosshairs bbox (local): min(260.5,138.5) max(303.5,181.5) scale=1 layerPos=(0,0)
crosshairs bbox (local): min(260.5,138.5) max(303.5,181.5) scale=1 layerPos=(0,0)
2026-05-23T12:12:54.653Z handleCommands - {"kind":"LOAD_SAMPLE_GRAPH","graphId":"basic"}
crosshairs bbox (local): min(778.5,228.5) max(821.5,271.5) scale=1 layerPos=(0,0)
2026-05-23T12:12:55.545Z handleCommands - {"kind":"INSERT_WAYPOINT"}
crosshairs bbox (local): min(238.5,138.5) max(281.5,181.5) scale=1 layerPos=(0,0)
handleCommands - {"kind":"SINGLE_ITEM_TOGGLE_SELECT"}
crosshairs bbox (local): min(238.5,138.5) max(281.5,181.5) scale=1 layerPos=(0,0)
crosshairs bbox (local): min(238.5,138.5) max(281.5,181.5) scale=1 layerPos=(0,0)
handleCommands - {"kind":"MULTI_ITEM_SELECT"}
crosshairs bbox (local): min(238.5,138.5) max(281.5,181.5) scale=1 layerPos=(0,0)
handleCommands - {"kind":"SINGLE_ITEM_TOGGLE_SELECT"}
crosshairs bbox (local): min(246.5,138.5) max(289.5,181.5) scale=1 layerPos=(0,0)
crosshairs bbox (local): min(246.5,138.5) max(289.5,181.5) scale=1 layerPos=(0,0)
handleCommands - {"kind":"MULTI_ITEM_SELECT"}
crosshairs bbox (local): min(246.5,138.5) max(289.5,181.5) scale=1 layerPos=(0,0)
handleCommands - {"kind":"SINGLE_ITEM_TOGGLE_SELECT"}
crosshairs bbox (local): min(253.5,138.5) max(296.5,181.5) scale=1 layerPos=(0,0)
crosshairs bbox (local): min(253.5,138.5) max(296.5,181.5) scale=1 layerPos=(0,0)
handleCommands - {"kind":"MULTI_ITEM_SELECT"}
crosshairs bbox (local): min(253.5,138.5) max(296.5,181.5) scale=1 layerPos=(0,0)
handleCommands - {"kind":"SINGLE_ITEM_TOGGLE_SELECT"}
crosshairs bbox (local): min(260.5,138.5) max(303.5,181.5) scale=1 layerPos=(0,0)
crosshairs bbox (local): min(260.5,138.5) max(303.5,181.5) scale=1 layerPos=(0,0)
handleCommands - {"kind":"MULTI_ITEM_SELECT"}
crosshairs bbox (local): min(260.5,138.5) max(303.5,181.5) scale=1 layerPos=(0,0)
